// Jest Snapshot v1, https://goo.gl/fbAQLP

exports[`Testing snapshot for Podscribe's track destination action: all fields 1`] = `"https://verifi.podscribe.com/tag?action=a%40LzYSjmA%5D5%5B%298qPK%5E&advertiser=a%40LzYSjmA%5D5%5B%298qPK%5E&timestamp=2023-10-27T10%3A20%3A40.603Z&device_id=a%40LzYSjmA%5D5%5B%298qPK%5E&referrer=a%40LzYSjmA%5D5%5B%298qPK%5E&url=http%3A%2F%2Femvofe.za%2Futeputre&ip=a%40LzYSjmA%5D5%5B%298qPK%5E&user_agent=a%40LzYSjmA%5D5%5B%298qPK%5E"`;

exports[`Testing snapshot for Podscribe's track destination action: required fields 1`] = `"https://verifi.podscribe.com/tag?action=a%40LzYSjmA%5D5%5B%298qPK%5E&advertiser=a%40LzYSjmA%5D5%5B%298qPK%5E"`;

exports[`Testing snapshot for Podscribe's track destination action: required fields 2`] = `
Headers {
  Symbol(map): Object {
    "user-agent": Array [
      "Segment (Actions)",
    ],
  },
}
`;
