// Jest Snapshot v1, https://goo.gl/fbAQLP

exports[`Testing snapshot for Podscribe's page destination action: all fields 1`] = `""`;

exports[`Testing snapshot for Podscribe's page destination action: required fields 1`] = `""`;

exports[`Testing snapshot for Podscribe's page destination action: required fields 2`] = `
Headers {
  Symbol(map): Object {
    "user-agent": Array [
      "Segment (Actions)",
    ],
  },
}
`;
